Read Time:           4.31397
Graph has 33554432 nodes and 523609147 undirected edges for degree: 15
Trial Time:          1.75335
Trial Time:          1.54164
Trial Time:          1.55120
Trial Time:          1.54607
Trial Time:          1.55333
Trial Time:          1.55853
Trial Time:          1.54705
Trial Time:          1.55025
Trial Time:          1.55913
Trial Time:          1.55495
Trial Time:          1.56002
Trial Time:          1.55593
Trial Time:          1.55443
Trial Time:          1.54338
Trial Time:          1.55917
Trial Time:          1.55139
Trial Time:          1.56106
Trial Time:          1.56042
Trial Time:          1.54894
Trial Time:          1.54254
Trial Time:          1.56074
Trial Time:          1.55136
Trial Time:          1.55413
Trial Time:          1.55227
Trial Time:          1.55525
Trial Time:          1.56217
Trial Time:          1.55402
Trial Time:          1.56346
Trial Time:          1.55607
Trial Time:          1.55369
Trial Time:          1.55143
Trial Time:          1.55225
Trial Time:          1.56137
Trial Time:          1.55679
Trial Time:          1.55349
Trial Time:          1.55732
Trial Time:          1.55192
Trial Time:          1.54988
Trial Time:          1.55761
Trial Time:          1.55691
Trial Time:          1.55804
Trial Time:          1.54900
Trial Time:          1.54827
Trial Time:          1.54740
Trial Time:          1.56055
Trial Time:          1.56089
Trial Time:          1.55380
Trial Time:          1.55550
Trial Time:          1.55031
Trial Time:          1.56417
Trial Time:          1.56114
Trial Time:          1.56513
Trial Time:          1.54897
Trial Time:          1.55673
Trial Time:          1.56013
Trial Time:          1.55666
Trial Time:          1.55422
Trial Time:          1.55395
Trial Time:          1.55058
Trial Time:          1.55838
Trial Time:          1.56878
Trial Time:          1.56584
Trial Time:          1.55292
Trial Time:          1.56466
Trial Time:          1.56483
Trial Time:          1.55831
Trial Time:          1.55649
Trial Time:          1.56388
Trial Time:          1.55361
Trial Time:          1.56086
Trial Time:          1.55770
Trial Time:          1.55328
Trial Time:          1.56671
Trial Time:          1.55103
Trial Time:          1.56676
Trial Time:          1.56095
Trial Time:          1.56597
Trial Time:          1.56229
Trial Time:          1.55913
Trial Time:          1.56426
Trial Time:          1.56127
Trial Time:          1.55924
Trial Time:          1.56810
Trial Time:          1.55394
Trial Time:          1.55853
Trial Time:          1.55991
Trial Time:          1.55753
Trial Time:          1.55480
Trial Time:          1.55748
Trial Time:          1.57456
Trial Time:          1.56555
Trial Time:          1.55811
Trial Time:          1.55901
Trial Time:          1.55767
Trial Time:          1.56247
Trial Time:          1.56020
Trial Time:          1.55897
Trial Time:          1.56052
Trial Time:          1.56272
Trial Time:          1.55329
Trial Time:          1.56529
Trial Time:          1.56344
Trial Time:          1.57149
Trial Time:          1.57309
Trial Time:          1.55883
Trial Time:          1.56396
Trial Time:          1.55653
Trial Time:          1.56383
Trial Time:          1.56314
Trial Time:          1.55230
Trial Time:          1.56158
Trial Time:          1.55757
Trial Time:          1.55858
Trial Time:          1.55767
Trial Time:          1.56266
Trial Time:          1.56509
Trial Time:          1.56410
Trial Time:          1.56337
Trial Time:          1.56632
Trial Time:          1.55189
Trial Time:          1.55985
Trial Time:          1.56850
Trial Time:          1.55399
Trial Time:          1.55737
Trial Time:          1.56407
Trial Time:          1.56543
Trial Time:          1.56300
Trial Time:          1.56121
Trial Time:          1.56309
Trial Time:          1.56009
Trial Time:          1.55644
Trial Time:          1.55219
Trial Time:          1.55745
Trial Time:          1.55758
Trial Time:          1.55860
Trial Time:          1.56761
Trial Time:          1.55853
Trial Time:          1.56203
Trial Time:          1.56014
Trial Time:          1.56592
Trial Time:          1.55862
Trial Time:          1.56460
Trial Time:          1.55952
Trial Time:          1.56877
Trial Time:          1.55743
Trial Time:          1.55815
Trial Time:          1.56654
Trial Time:          1.56252
Trial Time:          1.56368
Trial Time:          1.56085
Trial Time:          1.56048
Trial Time:          1.56450
Trial Time:          1.56028
Trial Time:          1.55307
Trial Time:          1.56169
Trial Time:          1.56771
Trial Time:          1.56113
Trial Time:          1.56665
Trial Time:          1.55601
Trial Time:          1.55319
Trial Time:          1.57108
Trial Time:          1.55463
Trial Time:          1.55425
Trial Time:          1.55832
Trial Time:          1.56158
Trial Time:          1.57201
Trial Time:          1.56050
Trial Time:          1.55560
Trial Time:          1.55759
Trial Time:          1.55555
Trial Time:          1.56699
Trial Time:          1.54818
Trial Time:          1.56939
Trial Time:          1.56566
Trial Time:          1.55799
Trial Time:          1.55068
Trial Time:          1.55393
Trial Time:          1.56547
Trial Time:          1.54386
Trial Time:          1.55818
Trial Time:          1.55878
Trial Time:          1.55729
Trial Time:          1.56410
Trial Time:          1.56217
Trial Time:          1.55749
Trial Time:          1.55035
Trial Time:          1.56751
Trial Time:          1.55359
Trial Time:          1.55611
Trial Time:          1.56165
Trial Time:          1.54847
Trial Time:          1.56120
Trial Time:          1.55180
Trial Time:          1.55727
Trial Time:          1.54703
Trial Time:          1.56385
Trial Time:          1.56220
Trial Time:          1.56103
Trial Time:          1.55352
Trial Time:          1.56499
Average Time:        1.55961
pid: 18342
execution time 318.04 (s)
