Read Time:           4.42634
Graph has 33554432 nodes and 523609147 undirected edges for degree: 15
Trial Time:          1.79481
Trial Time:          1.56791
Trial Time:          1.55933
Trial Time:          1.55040
Trial Time:          1.54402
Trial Time:          1.55144
Trial Time:          1.54908
Trial Time:          1.54214
Trial Time:          1.54651
Trial Time:          1.54463
Trial Time:          1.54404
Trial Time:          1.54437
Trial Time:          1.54910
Trial Time:          1.55011
Trial Time:          1.55004
Trial Time:          1.54425
Trial Time:          1.54759
Trial Time:          1.53929
Trial Time:          1.53416
Trial Time:          1.53396
Trial Time:          1.53520
Trial Time:          1.54425
Trial Time:          1.53072
Trial Time:          1.53048
Trial Time:          1.52582
Trial Time:          1.54526
Trial Time:          1.53937
Trial Time:          1.53191
Trial Time:          1.54577
Trial Time:          1.54189
Trial Time:          1.53633
Trial Time:          1.53413
Trial Time:          1.53934
Trial Time:          1.53594
Trial Time:          1.53621
Trial Time:          1.53484
Trial Time:          1.54608
Trial Time:          1.53913
Trial Time:          1.54496
Trial Time:          1.54220
Trial Time:          1.54059
Trial Time:          1.53333
Trial Time:          1.54710
Trial Time:          1.55088
Trial Time:          1.54530
Trial Time:          1.53949
Trial Time:          1.55317
Trial Time:          1.56728
Trial Time:          1.54438
Trial Time:          1.53856
Trial Time:          1.53920
Trial Time:          1.55490
Trial Time:          1.53267
Trial Time:          1.54471
Trial Time:          1.52679
Trial Time:          1.54483
Trial Time:          1.54050
Trial Time:          1.53877
Trial Time:          1.54445
Trial Time:          1.54546
Trial Time:          1.56072
Trial Time:          1.56207
Trial Time:          1.53627
Trial Time:          1.52568
Trial Time:          1.54839
Trial Time:          1.54246
Trial Time:          1.52857
Trial Time:          1.52968
Trial Time:          1.53645
Trial Time:          1.53570
Trial Time:          1.54326
Trial Time:          1.54229
Trial Time:          1.54599
Trial Time:          1.54107
Trial Time:          1.54167
Trial Time:          1.54595
Trial Time:          1.54261
Trial Time:          1.54886
Trial Time:          1.55422
Trial Time:          1.55590
Trial Time:          1.53998
Trial Time:          1.55215
Trial Time:          1.55626
Trial Time:          1.54440
Trial Time:          1.54970
Trial Time:          1.53510
Trial Time:          1.53691
Trial Time:          1.53385
Trial Time:          1.54400
Trial Time:          1.53925
Trial Time:          1.54390
Trial Time:          1.55219
Trial Time:          1.54155
Trial Time:          1.53655
Trial Time:          1.54190
Trial Time:          1.55333
Trial Time:          1.53351
Trial Time:          1.54768
Trial Time:          1.55517
Trial Time:          1.53668
Trial Time:          1.54728
Trial Time:          1.54726
Trial Time:          1.54409
Trial Time:          1.54830
Trial Time:          1.54600
Trial Time:          1.54415
Trial Time:          1.54661
Trial Time:          1.53801
Trial Time:          1.54335
Trial Time:          1.54918
Trial Time:          1.54644
Trial Time:          1.54612
Trial Time:          1.54337
Trial Time:          1.54618
Trial Time:          1.55346
Trial Time:          1.54614
Trial Time:          1.54797
Trial Time:          1.54234
Trial Time:          1.55003
Trial Time:          1.55037
Trial Time:          1.54711
Trial Time:          1.54616
Trial Time:          1.54067
Trial Time:          1.54348
Trial Time:          1.54623
Trial Time:          1.54725
Trial Time:          1.56043
Trial Time:          1.55158
Trial Time:          1.55221
Trial Time:          1.54605
Trial Time:          1.54896
Trial Time:          1.54729
Trial Time:          1.55391
Trial Time:          1.55614
Trial Time:          1.54708
Trial Time:          1.55297
Trial Time:          1.54687
Trial Time:          1.55369
Trial Time:          1.55285
Trial Time:          1.54838
Trial Time:          1.54758
Trial Time:          1.54802
Trial Time:          1.55670
Trial Time:          1.55096
Trial Time:          1.54957
Trial Time:          1.54992
Trial Time:          1.54716
Trial Time:          1.54936
Trial Time:          1.55986
Trial Time:          1.54498
Trial Time:          1.55097
Trial Time:          1.55903
Trial Time:          1.55331
Trial Time:          1.54580
Trial Time:          1.54653
Trial Time:          1.55352
Trial Time:          1.54460
Trial Time:          1.54766
Trial Time:          1.54904
Trial Time:          1.54975
Trial Time:          1.55369
Trial Time:          1.56273
Trial Time:          1.56732
Trial Time:          1.55322
Trial Time:          1.55421
Trial Time:          1.55575
Trial Time:          1.55491
Trial Time:          1.54999
Trial Time:          1.55022
Trial Time:          1.55173
Trial Time:          1.54452
Trial Time:          1.53745
Trial Time:          1.55888
Trial Time:          1.55752
Trial Time:          1.55503
Trial Time:          1.56584
Trial Time:          1.57566
Trial Time:          1.54907
Trial Time:          1.55870
Trial Time:          1.54968
Trial Time:          1.55414
Trial Time:          1.54713
Trial Time:          1.55134
Trial Time:          1.55363
Trial Time:          1.56237
Trial Time:          1.55141
Trial Time:          1.55675
Trial Time:          1.55602
Trial Time:          1.56098
Trial Time:          1.55318
Trial Time:          1.55839
Trial Time:          1.55350
Trial Time:          1.55429
Trial Time:          1.55144
Trial Time:          1.55870
Trial Time:          1.55106
Trial Time:          1.55770
Trial Time:          1.55184
Trial Time:          1.55265
Trial Time:          1.55719
Average Time:        1.54841
pid: 2846
execution time 315.76 (s)
