Read Time:           10.72240
Graph has 33554432 nodes and 523609147 undirected edges for degree: 15
Trial Time:          2.48812
Trial Time:          2.47266
Trial Time:          2.50326
Trial Time:          2.48584
Trial Time:          2.46980
Trial Time:          2.47256
Trial Time:          2.47714
Trial Time:          2.47628
Trial Time:          2.46252
Trial Time:          2.46136
Trial Time:          2.46994
Trial Time:          2.46417
Trial Time:          2.45609
Trial Time:          2.46994
Trial Time:          2.49127
Trial Time:          2.49310
Trial Time:          2.48925
Trial Time:          2.46275
Trial Time:          2.46909
Trial Time:          2.46742
Trial Time:          2.45865
Trial Time:          2.44633
Trial Time:          2.46125
Trial Time:          2.45958
Trial Time:          2.45853
Trial Time:          2.46525
Trial Time:          2.52197
Trial Time:          2.52040
Trial Time:          2.51567
Trial Time:          2.48405
Trial Time:          2.46111
Trial Time:          2.46678
Trial Time:          2.46052
Trial Time:          2.46654
Trial Time:          2.46107
Trial Time:          2.47177
Trial Time:          2.46822
Trial Time:          2.47953
Trial Time:          2.47128
Trial Time:          2.46701
Trial Time:          2.46476
Trial Time:          2.47207
Trial Time:          2.48963
Trial Time:          2.49997
Trial Time:          2.46820
Trial Time:          2.46679
Trial Time:          2.46602
Trial Time:          2.45959
Trial Time:          2.47307
Trial Time:          2.46291
Trial Time:          2.48511
Trial Time:          2.46270
Trial Time:          2.46599
Trial Time:          2.44469
Trial Time:          2.52295
Trial Time:          2.51395
Trial Time:          2.51012
Trial Time:          2.50430
Trial Time:          2.50050
Trial Time:          2.50209
Trial Time:          2.47843
Trial Time:          2.47515
Trial Time:          2.49071
Trial Time:          2.45514
Trial Time:          2.45591
Trial Time:          2.46197
Trial Time:          2.46993
Trial Time:          2.44887
Trial Time:          2.44891
Trial Time:          2.45574
Trial Time:          2.46851
Trial Time:          2.46599
Trial Time:          2.45626
Trial Time:          2.47080
Trial Time:          2.45671
Trial Time:          2.46312
Trial Time:          2.47343
Trial Time:          2.49760
Trial Time:          2.46245
Trial Time:          2.47918
Trial Time:          2.46063
Trial Time:          2.45540
Trial Time:          2.46847
Trial Time:          2.49219
Trial Time:          2.48203
Trial Time:          2.48382
Trial Time:          2.48622
Trial Time:          2.47621
Trial Time:          2.49005
Trial Time:          2.46984
Trial Time:          2.47402
Trial Time:          2.45788
Trial Time:          2.46904
Trial Time:          2.47036
Trial Time:          2.46424
Trial Time:          2.46237
Trial Time:          2.45060
Trial Time:          2.45046
Trial Time:          2.46269
Trial Time:          2.45373
Trial Time:          2.45280
Trial Time:          2.46843
Trial Time:          2.47295
Trial Time:          2.46643
Trial Time:          2.46531
Trial Time:          2.46146
Trial Time:          2.46886
Trial Time:          2.48627
Trial Time:          2.46210
Trial Time:          2.46826
Trial Time:          2.46197
Trial Time:          2.46380
Trial Time:          2.47111
Trial Time:          2.48170
Trial Time:          2.46659
Trial Time:          2.46758
Trial Time:          2.47898
Trial Time:          2.47978
Trial Time:          2.47011
Trial Time:          2.46614
Trial Time:          2.47262
Trial Time:          2.46493
Trial Time:          2.47354
Trial Time:          2.46559
Trial Time:          2.46623
Trial Time:          2.45889
Trial Time:          2.46552
Trial Time:          2.47100
Trial Time:          2.47122
Trial Time:          2.48049
Trial Time:          2.43921
Trial Time:          2.45085
Trial Time:          2.46045
Trial Time:          2.45030
Trial Time:          2.44986
Trial Time:          2.44163
Trial Time:          2.45054
Trial Time:          2.48937
Trial Time:          2.48684
Trial Time:          2.46105
Trial Time:          2.46196
Trial Time:          2.48447
Trial Time:          2.46741
Trial Time:          2.47437
Trial Time:          2.46696
Trial Time:          2.47817
Trial Time:          2.47543
Trial Time:          2.45039
Trial Time:          2.47340
Trial Time:          2.45770
Trial Time:          2.46854
Trial Time:          2.44494
Trial Time:          2.46268
Trial Time:          2.45719
Trial Time:          2.45806
Trial Time:          2.46049
Trial Time:          2.45029
Trial Time:          2.46400
Trial Time:          2.45640
Trial Time:          2.48635
Trial Time:          2.47616
Trial Time:          2.46483
Trial Time:          2.48502
Trial Time:          2.48965
Trial Time:          2.48914
Trial Time:          2.48689
Trial Time:          2.45452
Trial Time:          2.47608
Trial Time:          2.47495
Trial Time:          2.46647
Trial Time:          2.46216
Trial Time:          2.44519
Trial Time:          2.44961
Trial Time:          2.45583
Trial Time:          2.46623
Trial Time:          2.43793
Trial Time:          2.44857
Trial Time:          2.45941
Trial Time:          2.46775
Trial Time:          2.46508
Trial Time:          2.46581
Trial Time:          2.46426
Trial Time:          2.43907
Trial Time:          2.44387
Trial Time:          2.46631
Trial Time:          2.47893
Trial Time:          2.45816
Trial Time:          2.46751
Trial Time:          2.46188
Trial Time:          2.46205
Trial Time:          2.45547
Trial Time:          2.45989
Trial Time:          2.46157
Trial Time:          2.45634
Trial Time:          2.45288
Trial Time:          2.45470
Trial Time:          2.47336
Trial Time:          2.47988
Trial Time:          2.47289
Trial Time:          2.47125
Average Time:        2.46918
pid: 102746
execution time 506.42 (s)
