=== GUPS Hotness Test (Single-Process + Placement Monitor) ===
=== Test10: Hot region at 40%~60% of address space ===
Updates:       7000000000
Total memory:  45000 MB (43.95 GB)
Element size:  8 bytes
Total elems:   5898240000
Hot region:    elems[2359296000..3538944000) = 1179648000 elems (9000.0 MB, addr 40%~60%)
Cold region:   4718592000 elems (36000.0 MB, addr 0%~40% + 60%~100%)
Access ratio:  hot 80% / cold 20%
Placement check interval: every 1000000000 accesses
Region: 0x400000000000 - 0x400afc800000
Hot:    0x400465000000 - 0x400697800000
Touching pages (first-touch allocation)...
Page touch complete.
[PLACEMENT #0] t=0.0s hot_pages=2304000  node0(DRAM)=148927(6.5%)  node2(PM)=2155073(93.5%)  other=0 err=0

=== Starting GUPS (single process + placement monitor) ===
[PLACEMENT #1] t=138.7s hot_pages=2304000  node0(DRAM)=161456(7.0%)  node2(PM)=2142544(93.0%)  other=0 err=0
[PLACEMENT #2] t=269.3s hot_pages=2304000  node0(DRAM)=161461(7.0%)  node2(PM)=2142539(93.0%)  other=0 err=0
[PLACEMENT #3] t=399.7s hot_pages=2304000  node0(DRAM)=161470(7.0%)  node2(PM)=2142530(93.0%)  other=0 err=0
[PLACEMENT #4] t=530.2s hot_pages=2304000  node0(DRAM)=161484(7.0%)  node2(PM)=2142516(93.0%)  other=0 err=0
[PLACEMENT #5] t=660.6s hot_pages=2304000  node0(DRAM)=161484(7.0%)  node2(PM)=2142516(93.0%)  other=0 err=0
[PLACEMENT #6] t=790.9s hot_pages=2304000  node0(DRAM)=161487(7.0%)  node2(PM)=2142513(93.0%)  other=0 err=0
[PLACEMENT #7] t=921.4s hot_pages=2304000  node0(DRAM)=161487(7.0%)  node2(PM)=2142513(93.0%)  other=0 err=0
[PLACEMENT #8] t=921.5s hot_pages=2304000  node0(DRAM)=161487(7.0%)  node2(PM)=2142513(93.0%)  other=0 err=0

=== Results ===
Time:          921.499 seconds
Updates:       7000000000
GUPS:          0.007596
Hot accesses:  5599928439 (80.0%)
Cold accesses: 1400071561 (20.0%)
Placement checks: 8

[SUMMARY] GUPS=0.007596  Time=921.499  Updates=7000000000 HotPct=80.0 ColdPct=20.0 PlacementChecks=8
pid: 47991
execution time 976.80 (s)
