Read Time:           9.98697
Graph has 33554432 nodes and 523609147 undirected edges for degree: 15
Trial Time:          2.33510
Trial Time:          2.24483
Trial Time:          2.24728
Trial Time:          2.23875
Trial Time:          2.21616
Trial Time:          2.22400
Trial Time:          2.22010
Trial Time:          2.22252
Trial Time:          2.23170
Trial Time:          2.22588
Trial Time:          2.22572
Trial Time:          2.20265
Trial Time:          2.21958
Trial Time:          2.21689
Trial Time:          2.21301
Trial Time:          2.22833
Trial Time:          2.19822
Trial Time:          2.20472
Trial Time:          2.21455
Trial Time:          2.19955
Trial Time:          2.21238
Trial Time:          2.20802
Trial Time:          2.21138
Trial Time:          2.21719
Trial Time:          2.19888
Trial Time:          2.19555
Trial Time:          2.23507
Trial Time:          2.20799
Trial Time:          2.20788
Trial Time:          2.18215
Trial Time:          2.21044
Trial Time:          2.21045
Trial Time:          2.21634
Trial Time:          2.21551
Trial Time:          2.21642
Trial Time:          2.21274
Trial Time:          2.20436
Trial Time:          2.23381
Trial Time:          2.23621
Trial Time:          2.22983
Trial Time:          2.19698
Trial Time:          2.20368
Trial Time:          2.21043
Trial Time:          2.21814
Trial Time:          2.21365
Trial Time:          2.21207
Trial Time:          2.20332
Trial Time:          2.18977
Trial Time:          2.19618
Trial Time:          2.17473
Trial Time:          2.17020
Trial Time:          2.18431
Trial Time:          2.18835
Trial Time:          2.18631
Trial Time:          2.18430
Trial Time:          2.19058
Trial Time:          2.20217
Trial Time:          2.20431
Trial Time:          2.22280
Trial Time:          2.20936
Trial Time:          2.20366
Trial Time:          2.18566
Trial Time:          2.19985
Trial Time:          2.21374
Trial Time:          2.21704
Trial Time:          2.19716
Trial Time:          2.18590
Trial Time:          2.19864
Trial Time:          2.20800
Trial Time:          2.20965
Trial Time:          2.21154
Trial Time:          2.19868
Trial Time:          2.19632
Trial Time:          2.21153
Trial Time:          2.21559
Trial Time:          2.20600
Trial Time:          2.21695
Trial Time:          2.20791
Trial Time:          2.21401
Trial Time:          2.21431
Trial Time:          2.20073
Trial Time:          2.20582
Trial Time:          2.18494
Trial Time:          2.21045
Trial Time:          2.22016
Trial Time:          2.21742
Trial Time:          2.20103
Trial Time:          2.21412
Trial Time:          2.19978
Trial Time:          2.20971
Trial Time:          2.19715
Trial Time:          2.21614
Trial Time:          2.20060
Trial Time:          2.19924
Trial Time:          2.18032
Trial Time:          2.21229
Trial Time:          2.20421
Trial Time:          2.21333
Trial Time:          2.20813
Trial Time:          2.20581
Trial Time:          2.19831
Trial Time:          2.22107
Trial Time:          2.22335
Trial Time:          2.21835
Trial Time:          2.21786
Trial Time:          2.21521
Trial Time:          2.22092
Trial Time:          2.22120
Trial Time:          2.20997
Trial Time:          2.21082
Trial Time:          2.18771
Trial Time:          2.17595
Trial Time:          2.18952
Trial Time:          2.18582
Trial Time:          2.19876
Trial Time:          2.21430
Trial Time:          2.20485
Trial Time:          2.18915
Trial Time:          2.20444
Trial Time:          2.18233
Trial Time:          2.21088
Trial Time:          2.20751
Trial Time:          2.19136
Trial Time:          2.19986
Trial Time:          2.20241
Trial Time:          2.19780
Trial Time:          2.18304
Trial Time:          2.18959
Trial Time:          2.20030
Trial Time:          2.20568
Trial Time:          2.20770
Trial Time:          2.19703
Trial Time:          2.20078
Trial Time:          2.21686
Trial Time:          2.20175
Trial Time:          2.20540
Trial Time:          2.21941
Trial Time:          2.22801
Trial Time:          2.20482
Trial Time:          2.20253
Trial Time:          2.19702
Trial Time:          2.18520
Trial Time:          2.17576
Trial Time:          2.19496
Trial Time:          2.20371
Trial Time:          2.20869
Trial Time:          2.21189
Trial Time:          2.17985
Trial Time:          2.18432
Trial Time:          2.20455
Trial Time:          2.20872
Trial Time:          2.20667
Trial Time:          2.19189
Trial Time:          2.19440
Trial Time:          2.23305
Trial Time:          2.20408
Trial Time:          2.20728
Trial Time:          2.19852
Trial Time:          2.20522
Trial Time:          2.20226
Trial Time:          2.22041
Trial Time:          2.20891
Trial Time:          2.20638
Trial Time:          2.19556
Trial Time:          2.19875
Trial Time:          2.21085
Trial Time:          2.19277
Trial Time:          2.19143
Trial Time:          2.20068
Trial Time:          2.21687
Trial Time:          2.21081
Trial Time:          2.20633
Trial Time:          2.19653
Trial Time:          2.18665
Trial Time:          2.18644
Trial Time:          2.20964
Trial Time:          2.21147
Trial Time:          2.19037
Trial Time:          2.19822
Trial Time:          2.19005
Trial Time:          2.21112
Trial Time:          2.21123
Trial Time:          2.21178
Trial Time:          2.22680
Trial Time:          2.21690
Trial Time:          2.21365
Trial Time:          2.22393
Trial Time:          2.22295
Trial Time:          2.20791
Trial Time:          2.18757
Trial Time:          2.20383
Trial Time:          2.19351
Trial Time:          2.19802
Trial Time:          2.18211
Trial Time:          2.19044
Trial Time:          2.19051
Trial Time:          2.18580
Trial Time:          2.21899
Trial Time:          2.22310
Trial Time:          2.20403
Average Time:        2.20641
pid: 81806
execution time 453.13 (s)
